==26788== Memcheck, a memory error detector
==26788== Copyright (C) 2002-2012, and GNU GPL'd, by Julian Seward et al.
==26788== Using Valgrind-3.8.1 and LibVEX; rerun with -h for copyright info
==26788== Command: ./a.out
==26788== 
==26788== Invalid read of size 4
==26788==    at 0x40265D6: ??? (in /home/afein/Repos/compilers/lib-code/elf32/pzcc.lib.so)
==26788==    by 0x8048587: tocall (in /home/afein/Repos/compilers/tests/linking/a.out)
==26788==    by 0x8048597: main (in /home/afein/Repos/compilers/tests/linking/a.out)
==26788==  Address 0x6 is not stack'd, malloc'd or (recently) free'd
==26788== 
==26788== 
==26788== Process terminating with default action of signal 11 (SIGSEGV)
==26788==  Access not within mapped region at address 0x6
==26788==    at 0x40265D6: ??? (in /home/afein/Repos/compilers/lib-code/elf32/pzcc.lib.so)
==26788==    by 0x8048587: tocall (in /home/afein/Repos/compilers/tests/linking/a.out)
==26788==    by 0x8048597: main (in /home/afein/Repos/compilers/tests/linking/a.out)
==26788==  If you believe this happened as a result of a stack
==26788==  overflow in your program's main thread (unlikely but
==26788==  possible), you can try to increase the size of the
==26788==  main thread stack using the --main-stacksize= flag.
==26788==  The main thread stack size used in this run was 8388608.
==26788== 
==26788== HEAP SUMMARY:
==26788==     in use at exit: 0 bytes in 0 blocks
==26788==   total heap usage: 0 allocs, 0 frees, 0 bytes allocated
==26788== 
==26788== All heap blocks were freed -- no leaks are possible
==26788== 
==26788== For counts of detected and suppressed errors, rerun with: -v
==26788== ERROR SUMMARY: 1 errors from 1 contexts (suppressed: 0 from 0)
[1]    26788 segmentation fault (core dumped)  valgrind ./a.out
